---
http_interactions:
- request:
    method: delete
    uri: http://127.0.0.1:9200/messages
    body:
      encoding: UTF-8
      string: ''
    headers:
      User-Agent:
      - Faraday v0.9.0
  response:
    status:
      code: 200
      message: OK
    headers:
      Content-Type:
      - application/json; charset=UTF-8
      Content-Length:
      - '21'
    body:
      encoding: UTF-8
      string: '{"acknowledged":true}'
    http_version: 
  recorded_at: Mon, 30 Mar 2015 20:59:06 GMT
- request:
    method: head
    uri: http://127.0.0.1:9200/messages
    body:
      encoding: UTF-8
      string: ''
    headers:
      User-Agent:
      - Faraday v0.9.0
  response:
    status:
      code: 404
      message: Not Found
    headers:
      Content-Type:
      - text/plain; charset=UTF-8
      Content-Length:
      - '0'
    body:
      encoding: UTF-8
      string: ''
    http_version: 
  recorded_at: Mon, 30 Mar 2015 20:59:06 GMT
- request:
    method: put
    uri: http://127.0.0.1:9200/messages
    body:
      encoding: UTF-8
      string: '{"settings":{},"mappings":{"message":{"properties":{"content":{"type":"string"}}}}}'
    headers:
      User-Agent:
      - Faraday v0.9.0
      Content-Type:
      - application/x-www-form-urlencoded
  response:
    status:
      code: 200
      message: OK
    headers:
      Content-Type:
      - application/json; charset=UTF-8
      Content-Length:
      - '21'
    body:
      encoding: UTF-8
      string: '{"acknowledged":true}'
    http_version: 
  recorded_at: Mon, 30 Mar 2015 20:59:06 GMT
- request:
    method: post
    uri: http://127.0.0.1:9200/messages/message/_bulk?type=message
    body:
      encoding: UTF-8
      string: |
        {"index":{"_id":"4d0619fa-0a58-48c5-9bbf-ac2bb343986f"}}
        {"id":"4d0619fa-0a58-48c5-9bbf-ac2bb343986f","conversation_id":"a81dac52-4302-4637-a9c9-eb8408b38455","content":"test message","data":null,"created_at":"2015-03-30T20:59:05.947Z","updated_at":"2015-03-30T20:59:05.947Z","person_id":"8604865b-8392-437c-93fd-22bcaeda854f","webhook":null,"message_id":"\u003c0ef1222e-4495-4594-81a6-eaa7fc4005bb@helpful.mail\u003e","in_reply_to_id":null,"html_content":""}
        {"index":{"_id":"527b2aae-0b9f-4b74-bd6b-e390f19c19b6"}}
        {"id":"527b2aae-0b9f-4b74-bd6b-e390f19c19b6","conversation_id":"4c0fa614-dcf1-4eb8-a5c2-ba2a59438d25","content":"Where's the espresso machine? Wasn't it supposed to be delivered today?","data":null,"created_at":"2015-03-30T20:59:02.981Z","updated_at":"2015-03-30T20:59:02.981Z","person_id":"9c7dda6d-c7f2-4398-b0d0-d55e2c1795ea","webhook":null,"message_id":"\u003cf65b6ea6-c7ad-45c4-b710-f81ac4b2fc77@helpful.mail\u003e","in_reply_to_id":null,"html_content":""}
        {"index":{"_id":"9975275d-4bd6-483b-987f-329c567b3c65"}}
        {"id":"9975275d-4bd6-483b-987f-329c567b3c65","conversation_id":"5fd0d038-d69f-45e3-bde0-45707100a64d","content":"The styling seems to be broken on the home page. Could you take a look?","data":null,"created_at":"2015-03-30T20:59:02.924Z","updated_at":"2015-03-30T20:59:02.924Z","person_id":"29b5739e-6af2-4cad-a901-a7d897a72aa0","webhook":null,"message_id":"\u003ca7812e77-00f4-4993-99b0-946d2070a9cb@helpful.mail\u003e","in_reply_to_id":null,"html_content":""}
        {"index":{"_id":"c91d36fb-c406-4a06-a9b0-808c64b80e80"}}
        {"id":"c91d36fb-c406-4a06-a9b0-808c64b80e80","conversation_id":"3e6abae7-5c26-4478-a2b0-fba700eedb3c","content":"test 0","data":null,"created_at":"2015-03-30T20:59:05.982Z","updated_at":"2015-03-30T20:59:05.986Z","person_id":"43c03fcb-acfd-469a-b2e8-37dd80019bfe","webhook":null,"message_id":"\u003c550fbe1b-eadf-4b25-8107-f1bac9d7ca90@helpful.mail\u003e","in_reply_to_id":null,"html_content":""}
        {"index":{"_id":"c91d36fb-c406-4a06-a9b0-808c64b80e81"}}
        {"id":"c91d36fb-c406-4a06-a9b0-808c64b80e81","conversation_id":"0e66df58-6219-477d-b32d-57d6d10ba142","content":"test 1","data":null,"created_at":"2015-03-30T20:59:06.001Z","updated_at":"2015-03-30T20:59:06.004Z","person_id":"e63f8ab4-2e14-4f7c-b5b0-ac67cf4365fc","webhook":null,"message_id":"\u003cd419227c-4d77-491d-a3e8-80f195f4fc8c@helpful.mail\u003e","in_reply_to_id":null,"html_content":""}
        {"index":{"_id":"c91d36fb-c406-4a06-a9b0-808c64b80e82"}}
        {"id":"c91d36fb-c406-4a06-a9b0-808c64b80e82","conversation_id":"40d4a40d-24c1-4281-990c-b8dcda2ddb8b","content":"test 2","data":null,"created_at":"2015-03-30T20:59:06.017Z","updated_at":"2015-03-30T20:59:06.021Z","person_id":"55f69561-752b-4ab7-a19e-c0533a7059df","webhook":null,"message_id":"\u003cc58e0a95-b6a1-40be-a38e-e40150c311a9@helpful.mail\u003e","in_reply_to_id":null,"html_content":""}
        {"index":{"_id":"ecd13f93-5efb-43b9-8c30-d1fe77c4c289"}}
        {"id":"ecd13f93-5efb-43b9-8c30-d1fe77c4c289","conversation_id":"4c0fa614-dcf1-4eb8-a5c2-ba2a59438d25","content":"Oh bummer. They sent it to 15th street for some reason. I'll give them a call and see what's up.","data":null,"created_at":"2015-03-30T20:59:03.020Z","updated_at":"2015-03-30T20:59:03.020Z","person_id":"4c4a3034-843f-498e-aa8a-6d70dbbfffa6","webhook":null,"message_id":"\u003c206c36d0-eb9c-4e80-95a3-4e7f44edf7c1@helpful.mail\u003e","in_reply_to_id":null,"html_content":""}
        {"index":{"_id":"fd87e39e-d988-4b5e-b0d4-9c0081493ea9"}}
        {"id":"fd87e39e-d988-4b5e-b0d4-9c0081493ea9","conversation_id":"1fe0b950-ed24-4ac3-8539-ec4fb9140e63","content":"Do you want to grab breakfast to chat about Hackraise?","data":null,"created_at":"2015-03-30T20:59:03.053Z","updated_at":"2015-03-30T20:59:03.053Z","person_id":"0efbe3b1-872e-4d83-91a2-3851d584ef39","webhook":null,"message_id":"\u003cf89b0d57-f2f6-43d4-bd02-9ab13c272c8f@helpful.mail\u003e","in_reply_to_id":null,"html_content":""}
    headers:
      User-Agent:
      - Faraday v0.9.0
      Content-Type:
      - application/x-www-form-urlencoded
  response:
    status:
      code: 200
      message: OK
    headers:
      Content-Type:
      - application/json; charset=UTF-8
      Content-Length:
      - '1004'
    body:
      encoding: UTF-8
      string: '{"took":24,"errors":false,"items":[{"index":{"_index":"messages","_type":"message","_id":"4d0619fa-0a58-48c5-9bbf-ac2bb343986f","_version":1,"status":201}},{"index":{"_index":"messages","_type":"message","_id":"527b2aae-0b9f-4b74-bd6b-e390f19c19b6","_version":1,"status":201}},{"index":{"_index":"messages","_type":"message","_id":"9975275d-4bd6-483b-987f-329c567b3c65","_version":1,"status":201}},{"index":{"_index":"messages","_type":"message","_id":"c91d36fb-c406-4a06-a9b0-808c64b80e80","_version":1,"status":201}},{"index":{"_index":"messages","_type":"message","_id":"c91d36fb-c406-4a06-a9b0-808c64b80e81","_version":1,"status":201}},{"index":{"_index":"messages","_type":"message","_id":"c91d36fb-c406-4a06-a9b0-808c64b80e82","_version":1,"status":201}},{"index":{"_index":"messages","_type":"message","_id":"ecd13f93-5efb-43b9-8c30-d1fe77c4c289","_version":1,"status":201}},{"index":{"_index":"messages","_type":"message","_id":"fd87e39e-d988-4b5e-b0d4-9c0081493ea9","_version":1,"status":201}}]}'
    http_version: 
  recorded_at: Mon, 30 Mar 2015 20:59:06 GMT
- request:
    method: post
    uri: http://127.0.0.1:9200/messages/_refresh
    body:
      encoding: UTF-8
      string: ''
    headers:
      User-Agent:
      - Faraday v0.9.0
      Content-Length:
      - '0'
      Content-Type:
      - application/x-www-form-urlencoded
  response:
    status:
      code: 200
      message: OK
    headers:
      Content-Type:
      - application/json; charset=UTF-8
      Content-Length:
      - '50'
    body:
      encoding: UTF-8
      string: '{"_shards":{"total":10,"successful":5,"failed":0}}'
    http_version: 
  recorded_at: Mon, 30 Mar 2015 20:59:06 GMT
- request:
    method: get
    uri: http://127.0.0.1:9200/messages/message/_search
    body:
      encoding: UTF-8
      string: '{"query":{"match":{"content":"0"}}}'
    headers:
      User-Agent:
      - Faraday v0.9.0
      Content-Type:
      - application/x-www-form-urlencoded
  response:
    status:
      code: 200
      message: OK
    headers:
      Content-Type:
      - application/json; charset=UTF-8
      Content-Length:
      - '637'
    body:
      encoding: UTF-8
      string: '{"took":4,"timed_out":false,"_shards":{"total":5,"successful":5,"failed":0},"hits":{"total":1,"max_score":0.8784157,"hits":[{"_index":"messages","_type":"message","_id":"c91d36fb-c406-4a06-a9b0-808c64b80e80","_score":0.8784157,"_source":{"id":"c91d36fb-c406-4a06-a9b0-808c64b80e80","conversation_id":"3e6abae7-5c26-4478-a2b0-fba700eedb3c","content":"test
        0","data":null,"created_at":"2015-03-30T20:59:05.982Z","updated_at":"2015-03-30T20:59:05.986Z","person_id":"43c03fcb-acfd-469a-b2e8-37dd80019bfe","webhook":null,"message_id":"\u003c550fbe1b-eadf-4b25-8107-f1bac9d7ca90@helpful.mail\u003e","in_reply_to_id":null,"html_content":""}}]}}'
    http_version: 
  recorded_at: Mon, 30 Mar 2015 20:59:06 GMT
- request:
    method: get
    uri: http://127.0.0.1:9200/messages/message/_search
    body:
      encoding: UTF-8
      string: '{"query":{"match":{"content":"0"}}}'
    headers:
      User-Agent:
      - Faraday v0.9.0
      Content-Type:
      - application/x-www-form-urlencoded
  response:
    status:
      code: 200
      message: OK
    headers:
      Content-Type:
      - application/json; charset=UTF-8
      Content-Length:
      - '637'
    body:
      encoding: UTF-8
      string: '{"took":2,"timed_out":false,"_shards":{"total":5,"successful":5,"failed":0},"hits":{"total":1,"max_score":0.8784157,"hits":[{"_index":"messages","_type":"message","_id":"c91d36fb-c406-4a06-a9b0-808c64b80e80","_score":0.8784157,"_source":{"id":"c91d36fb-c406-4a06-a9b0-808c64b80e80","conversation_id":"3e6abae7-5c26-4478-a2b0-fba700eedb3c","content":"test
        0","data":null,"created_at":"2015-03-30T20:59:05.982Z","updated_at":"2015-03-30T20:59:05.986Z","person_id":"43c03fcb-acfd-469a-b2e8-37dd80019bfe","webhook":null,"message_id":"\u003c550fbe1b-eadf-4b25-8107-f1bac9d7ca90@helpful.mail\u003e","in_reply_to_id":null,"html_content":""}}]}}'
    http_version: 
  recorded_at: Mon, 30 Mar 2015 20:59:06 GMT
recorded_with: VCR 2.9.3
